
> react-kavia@0.1.0 start
> cross-env EDIT_MODE=true webpack serve --config .ve/webpack.config.js --mode development

<i> [webpack-dev-server] Project is running at:
<i> [webpack-dev-server] Loopback: http://localhost:3000/, http://[::1]:3000/
<i> [webpack-dev-server] On Your Network (IPv4): http://172.17.0.2:3000/
<i> [webpack-dev-server] Content not from webpack is served from './public' directory
Injecting EditorRootWrapper import: ../.ve/EditorRootWrapper
asset bundle.js 1.39 MiB [emitted] (name: main)
asset index.html 1.92 KiB [emitted]
runtime modules 27.5 KiB 14 modules
modules by path ./node_modules/ 1.24 MiB 31 modules
modules by path ./src/ 10.3 KiB
  modules by path ./src/*.css 7.49 KiB 4 modules
  modules by path ./src/*.js 2.76 KiB
    ./src/index.js 530 bytes [built] [code generated]
    ./src/App.js 2.24 KiB [built] [code generated]
modules by path ./.ve/ 15.1 KiB
  modules by path ./.ve/*.js 10.6 KiB 2 modules
  modules by path ./.ve/*.css 2.93 KiB
    ./.ve/EditorOverlay.css 2.25 KiB [built] [code generated]
    ./node_modules/css-loader/dist/cjs.js!./.ve/EditorOverlay.css 697 bytes [built] [code generated]
  ./.ve/EditorOverlay.jsx 1.58 KiB [built] [code generated]
webpack 5.99.9 compiled successfully in 1407 ms
assets by status 1.92 KiB [cached] 1 asset
assets by path *.js 1.51 MiB
  asset bundle.js 1.45 MiB [emitted] (name: main)
  asset main.9c8542962174b1486700.hot-update.js 64.5 KiB [emitted] [immutable] [hmr] (name: main)
asset main.9c8542962174b1486700.hot-update.json 28 bytes [emitted] [immutable] [hmr]
Entrypoint main 1.51 MiB = bundle.js 1.45 MiB main.9c8542962174b1486700.hot-update.js 64.5 KiB
cached modules 1.26 MiB [cached] 41 modules
runtime modules 27.5 KiB 14 modules
javascript modules 41.2 KiB
  modules by path ./src/components/ 35.2 KiB
    modules by path ./src/components/quiz-modes/*.js 19.6 KiB
      ./src/components/quiz-modes/BlurredPosterQuiz.js 8.01 KiB [built] [code generated]
      ./src/components/quiz-modes/CharacterMovieMatchQuiz.js 7.03 KiB [built] [code generated]
      + 4 modules
    modules by path ./src/components/*.js 15.6 KiB
      ./src/components/Login.js 2.98 KiB [built] [code generated]
      ./src/components/Dashboard.js 5.71 KiB [built] [code generated]
      + 3 modules
  modules by path ./src/*.js 5.98 KiB
    ./src/App.js 1.65 KiB [built] [code generated]
    ./src/tmdbApi.js 4.33 KiB [built] [code generated]
webpack 5.99.9 compiled successfully in 357 ms
assets by path *.js 1.45 MiB
  asset bundle.js 1.45 MiB [emitted] (name: main)
  asset main.d8bf6945d910f3c71750.hot-update.js 854 bytes [emitted] [immutable] [hmr] (name: main)
asset index.html 588 bytes [emitted]
asset main.d8bf6945d910f3c71750.hot-update.json 28 bytes [emitted] [immutable] [hmr]
Entrypoint main 1.45 MiB = bundle.js 1.45 MiB main.d8bf6945d910f3c71750.hot-update.js 854 bytes
cached modules 1.3 MiB [cached] 54 modules
runtime modules 27.5 KiB 14 modules
webpack 5.99.9 compiled successfully in 68 ms
